#-----------------------------------------------------------
# Vivado v2024.1 (64-bit)
# SW Build 5076996 on Wed May 22 18:37:14 MDT 2024
# IP Build 5075265 on Wed May 22 21:45:21 MDT 2024
# SharedData Build 5076995 on Wed May 22 18:29:18 MDT 2024
# Start of session at: Wed Jul 24 19:36:11 2024
# Process ID: 21444
# Current directory: C:/Users/Madalina/Desktop/sili/SPI-Protocol/SPI_V3
# Command line: vivado.exe -gui_launcher_event rodinguilauncherevent7240 C:\Users\Madalina\Desktop\sili\SPI-Protocol\SPI_V3\SPI_V3.xpr
# Log file: C:/Users/Madalina/Desktop/sili/SPI-Protocol/SPI_V3/vivado.log
# Journal file: C:/Users/Madalina/Desktop/sili/SPI-Protocol/SPI_V3\vivado.jou
# Running On        :DESKTOP-C85PAQU
# Platform          :Windows Server 2016 or Windows 10
# Operating System  :22631
# Processor Detail  :12th Gen Intel(R) Core(TM) i7-12700H
# CPU Frequency     :2688 MHz
# CPU Physical cores:14
# CPU Logical cores :20
# Host memory       :16782 MB
# Swap memory       :2550 MB
# Total Virtual     :19332 MB
# Available Virtual :7332 MB
#-----------------------------------------------------------
start_gui
open_project C:/Users/Madalina/Desktop/sili/SPI-Protocol/SPI_V3/SPI_V3.xpr
update_compile_order -fileset sources_1
update_compile_order -fileset sources_1
update_compile_order -fileset sources_1
update_compile_order -fileset sources_1
launch_simulation
launch_simulation
launch_simulation
reset_run synth_1
launch_simulation
launch_simulation
source tb_spi_master.tcl
relaunch_sim
relaunch_sim
close_sim
launch_simulation
source tb_spi_master.tcl
relaunch_sim
close_sim
launch_simulation
source tb_spi_master.tcl
relaunch_sim
close_sim
launch_simulation
close_project
open_project C:/Users/Madalina/Desktop/sili/SPI-Protocol/SPI_V3/SPI_V3.xpr
update_compile_order -fileset sources_1
update_compile_order -fileset sources_1
update_compile_order -fileset sources_1
launch_runs synth_1 -jobs 10
wait_on_run synth_1
launch_runs impl_1 -jobs 10
wait_on_run impl_1
launch_runs impl_1 -to_step write_bitstream -jobs 10
wait_on_run impl_1
open_hw_manager
connect_hw_server -allow_non_jtag
open_hw_target
set_property PROGRAM.FILE {C:/Users/Madalina/Desktop/sili/SPI-Protocol/SPI_V3/SPI_V3.runs/impl_1/SPI.bit} [get_hw_devices xc7a35t_0]
current_hw_device [get_hw_devices xc7a35t_0]
refresh_hw_device -update_hw_probes false [lindex [get_hw_devices xc7a35t_0] 0]
set_property PROBES.FILE {} [get_hw_devices xc7a35t_0]
set_property FULL_PROBES.FILE {} [get_hw_devices xc7a35t_0]
set_property PROGRAM.FILE {C:/Users/Madalina/Desktop/sili/SPI-Protocol/SPI_V3/SPI_V3.runs/impl_1/SPI.bit} [get_hw_devices xc7a35t_0]
program_hw_devices [get_hw_devices xc7a35t_0]
refresh_hw_device [lindex [get_hw_devices xc7a35t_0] 0]
disconnect_hw_server localhost:3121
connect_hw_server -allow_non_jtag
open_hw_target
set_property PROGRAM.FILE {C:/Users/Madalina/Desktop/sili/SPI-Protocol/SPI_V3/SPI_V3.runs/impl_1/SPI.bit} [get_hw_devices xc7a35t_0]
current_hw_device [get_hw_devices xc7a35t_0]
refresh_hw_device -update_hw_probes false [lindex [get_hw_devices xc7a35t_0] 0]
set_property PROBES.FILE {} [get_hw_devices xc7a35t_0]
set_property FULL_PROBES.FILE {} [get_hw_devices xc7a35t_0]
set_property PROGRAM.FILE {C:/Users/Madalina/Desktop/sili/SPI-Protocol/SPI_V3/SPI_V3.runs/impl_1/SPI.bit} [get_hw_devices xc7a35t_0]
program_hw_devices [get_hw_devices xc7a35t_0]
refresh_hw_device [lindex [get_hw_devices xc7a35t_0] 0]
set_property PROBES.FILE {} [get_hw_devices xc7a35t_0]
set_property FULL_PROBES.FILE {} [get_hw_devices xc7a35t_0]
set_property PROGRAM.FILE {C:/Users/Madalina/Desktop/sili/SPI-Protocol/SPI_V3/SPI_V3.runs/impl_1/SPI.bit} [get_hw_devices xc7a35t_0]
program_hw_devices [get_hw_devices xc7a35t_0]
refresh_hw_device [lindex [get_hw_devices xc7a35t_0] 0]
close_hw_manager
update_compile_order -fileset sources_1
launch_simulation
launch_simulation
launch_simulation
launch_simulation
launch_simulation
launch_simulation
source tb_spi_master.tcl
