#-----------------------------------------------------------
# Vivado v2024.1 (64-bit)
# SW Build 5076996 on Wed May 22 18:37:14 MDT 2024
# IP Build 5075265 on Wed May 22 21:45:21 MDT 2024
# SharedData Build 5076995 on Wed May 22 18:29:18 MDT 2024
# Start of session at: Mon Jul 22 10:34:27 2024
# Process ID: 21452
# Current directory: D:/Summer_Practice_2024/SPI_Project/SPI_V3/SPI_V3.runs/synth_1
# Command line: vivado.exe -log SPI_master.vds -product Vivado -mode batch -messageDb vivado.pb -notrace -source SPI_master.tcl
# Log file: D:/Summer_Practice_2024/SPI_Project/SPI_V3/SPI_V3.runs/synth_1/SPI_master.vds
# Journal file: D:/Summer_Practice_2024/SPI_Project/SPI_V3/SPI_V3.runs/synth_1\vivado.jou
# Running On        :DESKTOP-TO72V87
# Platform          :Windows Server 2016 or Windows 10
# Operating System  :22631
# Processor Detail  :Intel(R) Core(TM) i7-10750H CPU @ 2.60GHz
# CPU Frequency     :2592 MHz
# CPU Physical cores:6
# CPU Logical cores :12
# Host memory       :17041 MB
# Swap memory       :2550 MB
# Total Virtual     :19591 MB
# Available Virtual :9009 MB
#-----------------------------------------------------------
source SPI_master.tcl -notrace
