#-----------------------------------------------------------
# Vivado v2024.1 (64-bit)
# SW Build 5076996 on Wed May 22 18:37:14 MDT 2024
# IP Build 5075265 on Wed May 22 21:45:21 MDT 2024
# SharedData Build 5076995 on Wed May 22 18:29:18 MDT 2024
# Start of session at: Thu Jul 25 12:04:52 2024
# Process ID: 4296
# Current directory: C:/Users/Madalina/Desktop/sili/SPI-Protocol/SPI_V3/SPI_V3.runs/synth_1
# Command line: vivado.exe -log SPI.vds -product Vivado -mode batch -messageDb vivado.pb -notrace -source SPI.tcl
# Log file: C:/Users/Madalina/Desktop/sili/SPI-Protocol/SPI_V3/SPI_V3.runs/synth_1/SPI.vds
# Journal file: C:/Users/Madalina/Desktop/sili/SPI-Protocol/SPI_V3/SPI_V3.runs/synth_1\vivado.jou
# Running On        :DESKTOP-C85PAQU
# Platform          :Windows Server 2016 or Windows 10
# Operating System  :22631
# Processor Detail  :12th Gen Intel(R) Core(TM) i7-12700H
# CPU Frequency     :2688 MHz
# CPU Physical cores:14
# CPU Logical cores :20
# Host memory       :16782 MB
# Swap memory       :2550 MB
# Total Virtual     :19332 MB
# Available Virtual :7558 MB
#-----------------------------------------------------------
source SPI.tcl -notrace
